                    ⎧
                    ⎪ ╱             1 + β     ╲
                    ⎪╱                   cubic ╲
                    ⎨╲ W   , W    * ────────── ╱  if  W    < W
╱W        , W   ╲ = ⎪ ╲ max   max       2     ╱        max    last_max
╲ last_max   max╱   ⎪╱W   , W   ╲                otherwise
                    ⎩╲ max   max╱
