/a\      a!
| | = --------
\b/   (a-b)!b!
10
__ +/A\ / L  \+
\  || | |    ||
/_ +\i/ \10-i/+
i=6
   /A\ / L  \
10 | | |    |
__ \i/ \10-i/
\  ----------
/_  /L + A\
i=6 |     |
    \  10 /
                min(N,2)+    min(2,N-i)                     +
       /  L   \    __   |/B\     __    //B\ /      B      \\|
C(N) = |      |    \    || |     \     || | |             |||
       \10 - N/    /_   |\i/     /_    \\j/ \min(2, N-i-j)//|
                   i=0  +        j=0                        +
