⎛a⎞      a!
⎜ ⎟ = ────────
⎝b⎠   (a-b)!b!
10
⎯⎯
╲  ⎡⎛A⎞ ⎛ L  ⎞⎤
╱  ⎢⎜ ⎟ ⎜    ⎟⎥
⎺⎺ ⎣⎝i⎠ ⎝10-i⎠⎦
i=6
10 ⎛A⎞ ⎛ L  ⎞
⎯⎯ ⎜ ⎟ ⎜    ⎟
╲  ⎝i⎠ ⎝10-i⎠
╱  ──────────
⎺⎺  ⎛L + A⎞
i=6 ⎜     ⎟
    ⎝  10 ⎠
                min(N,2)⎡    min(2,N-i)                     ⎤
                   ⎯⎯   ⎢        ⎯⎯                         ⎥
       ⎛  L   ⎞    ╲    ⎢⎛B⎞     ╲     ⎛⎛B⎞ ⎛      B      ⎞⎞⎥
C(N) = ⎜      ⎟    ╱    ⎢⎜ ⎟     ╱     ⎜⎜ ⎟ ⎜             ⎟⎟⎥
       ⎝10 - N⎠    ⎺⎺   ⎢⎝i⎠     ⎺⎺    ⎝⎝j⎠ ⎝min(2, N-i-j)⎠⎠⎥
                   i=0  ⎣        j=0                        ⎦
