                                                                                  x=W
 W          W                 n                   n kT +        /     +E (x-x )+\+     n kT
/   np     /                   0                   0   |        |     | 0    0 |||      0
|  ---dx = |  ---------------------------------dx=---- | arctan | exp |--------|||   ~ ---- pi
/  n+p     /      / E (x-x ) \     /  E (x-x )\    E   +        \     +   kT   +/+      E
 0          0     |  0    0  |     |   0    0 |     0                             x=0    0
              exp | -------- |+exp | ---------|
                  \    kT    /     \     kT   /
