 W          W                                                                     x=W
⌠   np     ⌠                  n₀                  n₀kT ⎡        ⎛     ⎡E₀(x-x₀)⎤⎞⎤      n₀kT
⎮  ───dx = ⎮  ─────────────────────────────────dx=──── ⎢ arctan ⎜ exp ⎢────────⎥⎟⎥    ≈ ──── pi
⌡₀ n+p     ⌡₀     ⎛ E₀(x-x₀) ⎞     ⎛  E₀(x-x₀)⎞    E₀  ⎣        ⎝     ⎣   kT   ⎦⎠⎦ₓ₌₀    E₀
              exp ⎜ ──────── ⎟+exp ⎜ -────────⎟
                  ⎝    kT    ⎠     ⎝     kT   ⎠
