         _____________________________________
         |             +        ( 3+4a )   +
         |             |    a+b            |   |8              |
 ∞       |             | a+--------------- |   |-   1     3    |
+-+ \    |       ela   +        4a-3c      +   |2              |
| |  \   | a   +b   - ----------------------- +|        |1 2 | |
i=1   \  |  ala                   ___          |2   3   |3 4 | |
       \ |                    a -\|2           |   ___         |
        \|                     1               |3 \|5     12   |
