        ┌───────────────────────────────────┐
        │             ⎡    a+b ⁽ ³⁺⁴ᵃ ⁾   ⎤   ⎢8              ⎢
 ∞      │             ⎢ a+─────────────── ⎥   ⎢─   1     3    ⎢
┬─┬ ╲   │             ⎣        4a-3c      ⎦   ⎢2              ⎢
│ │  ╲  │ aₐₗₐ+bᵉˡᵃ- ─────────────────────── +⎢        ⎢1 2 ⎢ ⎢
ⁱ⁼¹   ╲ │                        ┌─┐          ⎢2   3   ⎢3 4 ⎢ ⎢
       ╲│                    a₁-╲│2           ⎢   ┌─┐         ⎢
                                              ⎢3 ╲│5     12   ⎢
