 ̇x  = σ(y-x)
 ̇y  = ρx - y - xz
 ̇z  = -βz + xy
⎛ ₙ         ⎞²  ⎛ ₙ      ⎞ ⎛ ₙ      ⎞
⎜ ⎯⎯        ⎟   ⎜ ⎯⎯     ⎟ ⎜ ⎯⎯     ⎟
⎜ ╲         ⎟   ⎜ ╲    2 ⎟ ⎜ ╲    2 ⎟
⎜ ╱   aₖ bₖ ⎟  ≤⎜ ╱   aₖ ⎟ ⎜ ╱   bₖ ⎟
⎜ ⎺⎺        ⎟   ⎜ ⎺⎺     ⎟ ⎜ ⎺⎺     ⎟
⎝ ᵏ⁼¹       ⎠   ⎝ ᵏ⁼¹    ⎠ ⎝ ᵏ⁼¹    ⎠
         ⎢ 𝐢   𝐣   𝐤 ⎢
         ⎢ 𝜕X  𝜕Y    ⎢
         ⎢ ──  ──  0 ⎢
𝐕₁ ×𝐕₂ = ⎢ 𝜕u  𝜕u    ⎢
         ⎢ 𝜕X  𝜕Y    ⎢
         ⎢ ──  ──  0 ⎢
         ⎢ 𝜕v  𝜕v    ⎢
       ⎛n⎞
P(E) = ⎜ ⎟ pᵏ (1-p) ⁿ⁻ᵏ
       ⎝k⎠
                           -2π
        1                 e
────────────────── = 1+──────────
               2            -4π
⎛  ┌─────┐  ⎞  ─ π         e
⎜╲ │  ┌─┐   ⎟  5       1+────────
⎝ ╲│ϕ╲│5  -ϕ⎠ e              -6π
                            e
                         1+──────
                              -8π
                             e
                           1+────
                             1+…
                          ∞
      q²       q⁶        ┬─┬        1
1 + ─────+───────────+⋯= │ │──────────────────,      for |q|<1.
    (1-q) (1-q)(1-q²)    ʲ⁼⁰(1-q⁵ʲ⁺²)(1-q⁵ʲ⁺³)
       1 𝜕𝐄    4π
 ∇×𝐁 - ─ ──  = ──𝐣
       c 𝜕t    c
        ∇⋅𝐄  = 4 πρ
       1 𝜕𝐁
 ∇×𝐄 + ─ ──  = 𝟎
       c 𝜕t
        ∇⋅𝐁  = 0
